[1.243s] Invoking command in '/home/unitree/callboy/ros2_ws/build/callboy': PYTHONPATH=/home/unitree/callboy/ros2_ws/build/callboy/prefix_override:/usr/lib/python3/dist-packages/colcon_core/task/python/colcon_distutils_commands:/home/unitree/callboy/ros2_ws/install/callboy/lib/python3.8/site-packages:${PYTHONPATH} /usr/bin/python3 -W ignore:setup.py install is deprecated setup.py develop --editable --build-directory /home/unitree/callboy/ros2_ws/build/callboy/build --no-deps symlink_data
[1.689s] running develop
[1.964s] running egg_info
[1.964s] writing callboy.egg-info/PKG-INFO
[1.965s] writing dependency_links to callboy.egg-info/dependency_links.txt
[1.965s] writing entry points to callboy.egg-info/entry_points.txt
[1.965s] writing requirements to callboy.egg-info/requires.txt
[1.966s] writing top-level names to callboy.egg-info/top_level.txt
[1.972s] reading manifest file 'callboy.egg-info/SOURCES.txt'
[1.974s] writing manifest file 'callboy.egg-info/SOURCES.txt'
[2.035s] running build_ext
[2.035s] Creating /home/unitree/callboy/ros2_ws/install/callboy/lib/python3.8/site-packages/callboy.egg-link (link to .)
[2.037s] Installing callboy_input_text script to /home/unitree/callboy/ros2_ws/install/callboy/lib/callboy
[2.037s] Installing callboy_ollama_planner script to /home/unitree/callboy/ros2_ws/install/callboy/lib/callboy
[2.038s] Installing callboy_sdk2_executor script to /home/unitree/callboy/ros2_ws/install/callboy/lib/callboy
[2.038s] 
[2.039s] Installed /home/unitree/callboy/ros2_ws/build/callboy
[2.039s] running symlink_data
[2.039s] creating /home/unitree/callboy/ros2_ws/install/callboy/share/callboy/launch
[2.040s] symbolically linking /home/unitree/callboy/ros2_ws/build/callboy/launch/callboy.launch.py -> /home/unitree/callboy/ros2_ws/install/callboy/share/callboy/launch
[2.115s] Invoked command in '/home/unitree/callboy/ros2_ws/build/callboy' returned '0': PYTHONPATH=/home/unitree/callboy/ros2_ws/build/callboy/prefix_override:/usr/lib/python3/dist-packages/colcon_core/task/python/colcon_distutils_commands:/home/unitree/callboy/ros2_ws/install/callboy/lib/python3.8/site-packages:${PYTHONPATH} /usr/bin/python3 -W ignore:setup.py install is deprecated setup.py develop --editable --build-directory /home/unitree/callboy/ros2_ws/build/callboy/build --no-deps symlink_data
