[1.261s] Invoking command in '/home/unitree/callboy/ros2_ws/src/callboy': PYTHONPATH=/home/unitree/callboy/ros2_ws/build/callboy/prefix_override:/usr/lib/python3/dist-packages/colcon_core/task/python/colcon_distutils_commands:/home/unitree/callboy/ros2_ws/install/callboy/lib/python3.8/site-packages:${PYTHONPATH} /usr/bin/python3 -W ignore:setup.py install is deprecated setup.py egg_info --egg-base ../../build/callboy build --build-base /home/unitree/callboy/ros2_ws/build/callboy/build install --record /home/unitree/callboy/ros2_ws/build/callboy/install.log --single-version-externally-managed install_data
[1.729s] running egg_info
[1.729s] writing ../../build/callboy/callboy.egg-info/PKG-INFO
[1.730s] writing dependency_links to ../../build/callboy/callboy.egg-info/dependency_links.txt
[1.730s] writing entry points to ../../build/callboy/callboy.egg-info/entry_points.txt
[1.731s] writing requirements to ../../build/callboy/callboy.egg-info/requires.txt
[1.731s] writing top-level names to ../../build/callboy/callboy.egg-info/top_level.txt
[1.737s] reading manifest file '../../build/callboy/callboy.egg-info/SOURCES.txt'
[1.739s] writing manifest file '../../build/callboy/callboy.egg-info/SOURCES.txt'
[1.739s] running build
[1.739s] running build_py
[1.740s] copying callboy/nodes/riva_asr_node.py -> /home/unitree/callboy/ros2_ws/build/callboy/build/lib/callboy/nodes
[1.741s] running install
[1.742s] running install_lib
[1.743s] copying /home/unitree/callboy/ros2_ws/build/callboy/build/lib/callboy/nodes/riva_asr_node.py -> /home/unitree/callboy/ros2_ws/install/callboy/lib/python3.8/site-packages/callboy/nodes
[1.745s] byte-compiling /home/unitree/callboy/ros2_ws/install/callboy/lib/python3.8/site-packages/callboy/nodes/riva_asr_node.py to riva_asr_node.cpython-38.pyc
[1.748s] running install_data
[1.748s] copying launch/callboy.launch.py -> /home/unitree/callboy/ros2_ws/install/callboy/share/callboy/launch
[1.748s] running install_egg_info
[1.750s] removing '/home/unitree/callboy/ros2_ws/install/callboy/lib/python3.8/site-packages/callboy-0.0.1-py3.8.egg-info' (and everything under it)
[1.751s] Copying ../../build/callboy/callboy.egg-info to /home/unitree/callboy/ros2_ws/install/callboy/lib/python3.8/site-packages/callboy-0.0.1-py3.8.egg-info
[1.753s] running install_scripts
[1.784s] Installing callboy_input_text script to /home/unitree/callboy/ros2_ws/install/callboy/lib/callboy
[1.784s] Installing callboy_ollama_planner script to /home/unitree/callboy/ros2_ws/install/callboy/lib/callboy
[1.785s] Installing callboy_riva_asr script to /home/unitree/callboy/ros2_ws/install/callboy/lib/callboy
[1.785s] Installing callboy_sdk2_executor script to /home/unitree/callboy/ros2_ws/install/callboy/lib/callboy
[1.786s] Installing callboy_udp_audio_topic script to /home/unitree/callboy/ros2_ws/install/callboy/lib/callboy
[1.786s] Installing callboy_wav_audio_topic script to /home/unitree/callboy/ros2_ws/install/callboy/lib/callboy
[1.786s] writing list of installed files to '/home/unitree/callboy/ros2_ws/build/callboy/install.log'
[1.835s] Invoked command in '/home/unitree/callboy/ros2_ws/src/callboy' returned '0': PYTHONPATH=/home/unitree/callboy/ros2_ws/build/callboy/prefix_override:/usr/lib/python3/dist-packages/colcon_core/task/python/colcon_distutils_commands:/home/unitree/callboy/ros2_ws/install/callboy/lib/python3.8/site-packages:${PYTHONPATH} /usr/bin/python3 -W ignore:setup.py install is deprecated setup.py egg_info --egg-base ../../build/callboy build --build-base /home/unitree/callboy/ros2_ws/build/callboy/build install --record /home/unitree/callboy/ros2_ws/build/callboy/install.log --single-version-externally-managed install_data
