[1.264s] Invoking command in '/home/unitree/callboy/ros2_ws/src/callboy': PYTHONPATH=/home/unitree/callboy/ros2_ws/build/callboy/prefix_override:/usr/lib/python3/dist-packages/colcon_core/task/python/colcon_distutils_commands:/home/unitree/callboy/ros2_ws/install/callboy/lib/python3.8/site-packages:${PYTHONPATH} /usr/bin/python3 -W ignore:setup.py install is deprecated setup.py egg_info --egg-base ../../build/callboy build --build-base /home/unitree/callboy/ros2_ws/build/callboy/build install --record /home/unitree/callboy/ros2_ws/build/callboy/install.log --single-version-externally-managed install_data
[1.666s] running egg_info
[1.667s] writing ../../build/callboy/callboy.egg-info/PKG-INFO
[1.667s] writing dependency_links to ../../build/callboy/callboy.egg-info/dependency_links.txt
[1.667s] writing entry points to ../../build/callboy/callboy.egg-info/entry_points.txt
[1.667s] writing requirements to ../../build/callboy/callboy.egg-info/requires.txt
[1.668s] writing top-level names to ../../build/callboy/callboy.egg-info/top_level.txt
[1.673s] reading manifest file '../../build/callboy/callboy.egg-info/SOURCES.txt'
[1.675s] writing manifest file '../../build/callboy/callboy.egg-info/SOURCES.txt'
[1.675s] running build
[1.675s] running build_py
[1.676s] copying callboy/nodes/input_text_publisher.py -> /home/unitree/callboy/ros2_ws/build/callboy/build/lib/callboy/nodes
[1.676s] copying callboy/nodes/ollama_planner.py -> /home/unitree/callboy/ros2_ws/build/callboy/build/lib/callboy/nodes
[1.676s] running install
[1.678s] running install_lib
[1.679s] copying /home/unitree/callboy/ros2_ws/build/callboy/build/lib/callboy/nodes/input_text_publisher.py -> /home/unitree/callboy/ros2_ws/install/callboy/lib/python3.8/site-packages/callboy/nodes
[1.679s] copying /home/unitree/callboy/ros2_ws/build/callboy/build/lib/callboy/nodes/ollama_planner.py -> /home/unitree/callboy/ros2_ws/install/callboy/lib/python3.8/site-packages/callboy/nodes
[1.681s] byte-compiling /home/unitree/callboy/ros2_ws/install/callboy/lib/python3.8/site-packages/callboy/nodes/input_text_publisher.py to input_text_publisher.cpython-38.pyc
[1.682s] byte-compiling /home/unitree/callboy/ros2_ws/install/callboy/lib/python3.8/site-packages/callboy/nodes/ollama_planner.py to ollama_planner.cpython-38.pyc
[1.683s] running install_data
[1.684s] copying launch/callboy.launch.py -> /home/unitree/callboy/ros2_ws/install/callboy/share/callboy/launch
[1.684s] running install_egg_info
[1.687s] removing '/home/unitree/callboy/ros2_ws/install/callboy/lib/python3.8/site-packages/callboy-0.0.1-py3.8.egg-info' (and everything under it)
[1.687s] Copying ../../build/callboy/callboy.egg-info to /home/unitree/callboy/ros2_ws/install/callboy/lib/python3.8/site-packages/callboy-0.0.1-py3.8.egg-info
[1.689s] running install_scripts
[1.721s] Installing callboy_input_text script to /home/unitree/callboy/ros2_ws/install/callboy/lib/callboy
[1.722s] Installing callboy_ollama_planner script to /home/unitree/callboy/ros2_ws/install/callboy/lib/callboy
[1.722s] Installing callboy_sdk2_executor script to /home/unitree/callboy/ros2_ws/install/callboy/lib/callboy
[1.723s] writing list of installed files to '/home/unitree/callboy/ros2_ws/build/callboy/install.log'
[1.778s] Invoked command in '/home/unitree/callboy/ros2_ws/src/callboy' returned '0': PYTHONPATH=/home/unitree/callboy/ros2_ws/build/callboy/prefix_override:/usr/lib/python3/dist-packages/colcon_core/task/python/colcon_distutils_commands:/home/unitree/callboy/ros2_ws/install/callboy/lib/python3.8/site-packages:${PYTHONPATH} /usr/bin/python3 -W ignore:setup.py install is deprecated setup.py egg_info --egg-base ../../build/callboy build --build-base /home/unitree/callboy/ros2_ws/build/callboy/build install --record /home/unitree/callboy/ros2_ws/build/callboy/install.log --single-version-externally-managed install_data
