running develop
Removing /home/unitree/callboy/ros2_ws/install/callboy/lib/python3.8/site-packages/callboy.egg-link (link to .)
running egg_info
writing ../../build/callboy/callboy.egg-info/PKG-INFO
writing dependency_links to ../../build/callboy/callboy.egg-info/dependency_links.txt
writing entry points to ../../build/callboy/callboy.egg-info/entry_points.txt
writing requirements to ../../build/callboy/callboy.egg-info/requires.txt
writing top-level names to ../../build/callboy/callboy.egg-info/top_level.txt
reading manifest file '../../build/callboy/callboy.egg-info/SOURCES.txt'
writing manifest file '../../build/callboy/callboy.egg-info/SOURCES.txt'
running build
running build_py
creating /home/unitree/callboy/ros2_ws/build/callboy/build
creating /home/unitree/callboy/ros2_ws/build/callboy/build/lib
creating /home/unitree/callboy/ros2_ws/build/callboy/build/lib/callboy
copying callboy/supported_commands.py -> /home/unitree/callboy/ros2_ws/build/callboy/build/lib/callboy
copying callboy/command_schema.py -> /home/unitree/callboy/ros2_ws/build/callboy/build/lib/callboy
copying callboy/sdk2_executor.py -> /home/unitree/callboy/ros2_ws/build/callboy/build/lib/callboy
copying callboy/__init__.py -> /home/unitree/callboy/ros2_ws/build/callboy/build/lib/callboy
copying callboy/config.py -> /home/unitree/callboy/ros2_ws/build/callboy/build/lib/callboy
creating /home/unitree/callboy/ros2_ws/build/callboy/build/lib/callboy/nodes
copying callboy/nodes/sdk2_executor_node.py -> /home/unitree/callboy/ros2_ws/build/callboy/build/lib/callboy/nodes
copying callboy/nodes/input_text_publisher.py -> /home/unitree/callboy/ros2_ws/build/callboy/build/lib/callboy/nodes
copying callboy/nodes/__init__.py -> /home/unitree/callboy/ros2_ws/build/callboy/build/lib/callboy/nodes
copying callboy/nodes/ollama_planner.py -> /home/unitree/callboy/ros2_ws/build/callboy/build/lib/callboy/nodes
running install
running install_lib
creating /home/unitree/callboy/ros2_ws/install/callboy/lib/python3.8/site-packages/callboy
copying /home/unitree/callboy/ros2_ws/build/callboy/build/lib/callboy/supported_commands.py -> /home/unitree/callboy/ros2_ws/install/callboy/lib/python3.8/site-packages/callboy
creating /home/unitree/callboy/ros2_ws/install/callboy/lib/python3.8/site-packages/callboy/nodes
copying /home/unitree/callboy/ros2_ws/build/callboy/build/lib/callboy/nodes/sdk2_executor_node.py -> /home/unitree/callboy/ros2_ws/install/callboy/lib/python3.8/site-packages/callboy/nodes
copying /home/unitree/callboy/ros2_ws/build/callboy/build/lib/callboy/nodes/input_text_publisher.py -> /home/unitree/callboy/ros2_ws/install/callboy/lib/python3.8/site-packages/callboy/nodes
copying /home/unitree/callboy/ros2_ws/build/callboy/build/lib/callboy/nodes/__init__.py -> /home/unitree/callboy/ros2_ws/install/callboy/lib/python3.8/site-packages/callboy/nodes
copying /home/unitree/callboy/ros2_ws/build/callboy/build/lib/callboy/nodes/ollama_planner.py -> /home/unitree/callboy/ros2_ws/install/callboy/lib/python3.8/site-packages/callboy/nodes
copying /home/unitree/callboy/ros2_ws/build/callboy/build/lib/callboy/command_schema.py -> /home/unitree/callboy/ros2_ws/install/callboy/lib/python3.8/site-packages/callboy
copying /home/unitree/callboy/ros2_ws/build/callboy/build/lib/callboy/sdk2_executor.py -> /home/unitree/callboy/ros2_ws/install/callboy/lib/python3.8/site-packages/callboy
copying /home/unitree/callboy/ros2_ws/build/callboy/build/lib/callboy/__init__.py -> /home/unitree/callboy/ros2_ws/install/callboy/lib/python3.8/site-packages/callboy
copying /home/unitree/callboy/ros2_ws/build/callboy/build/lib/callboy/config.py -> /home/unitree/callboy/ros2_ws/install/callboy/lib/python3.8/site-packages/callboy
byte-compiling /home/unitree/callboy/ros2_ws/install/callboy/lib/python3.8/site-packages/callboy/supported_commands.py to supported_commands.cpython-38.pyc
byte-compiling /home/unitree/callboy/ros2_ws/install/callboy/lib/python3.8/site-packages/callboy/nodes/sdk2_executor_node.py to sdk2_executor_node.cpython-38.pyc
byte-compiling /home/unitree/callboy/ros2_ws/install/callboy/lib/python3.8/site-packages/callboy/nodes/input_text_publisher.py to input_text_publisher.cpython-38.pyc
byte-compiling /home/unitree/callboy/ros2_ws/install/callboy/lib/python3.8/site-packages/callboy/nodes/__init__.py to __init__.cpython-38.pyc
byte-compiling /home/unitree/callboy/ros2_ws/install/callboy/lib/python3.8/site-packages/callboy/nodes/ollama_planner.py to ollama_planner.cpython-38.pyc
byte-compiling /home/unitree/callboy/ros2_ws/install/callboy/lib/python3.8/site-packages/callboy/command_schema.py to command_schema.cpython-38.pyc
byte-compiling /home/unitree/callboy/ros2_ws/install/callboy/lib/python3.8/site-packages/callboy/sdk2_executor.py to sdk2_executor.cpython-38.pyc
byte-compiling /home/unitree/callboy/ros2_ws/install/callboy/lib/python3.8/site-packages/callboy/__init__.py to __init__.cpython-38.pyc
byte-compiling /home/unitree/callboy/ros2_ws/install/callboy/lib/python3.8/site-packages/callboy/config.py to config.cpython-38.pyc
running install_data
copying resource/callboy -> /home/unitree/callboy/ros2_ws/install/callboy/share/ament_index/resource_index/packages
copying package.xml -> /home/unitree/callboy/ros2_ws/install/callboy/share/callboy
copying launch/callboy.launch.py -> /home/unitree/callboy/ros2_ws/install/callboy/share/callboy/launch
running install_egg_info
Copying ../../build/callboy/callboy.egg-info to /home/unitree/callboy/ros2_ws/install/callboy/lib/python3.8/site-packages/callboy-0.0.1-py3.8.egg-info
running install_scripts
Installing callboy_input_text script to /home/unitree/callboy/ros2_ws/install/callboy/lib/callboy
Installing callboy_ollama_planner script to /home/unitree/callboy/ros2_ws/install/callboy/lib/callboy
Installing callboy_sdk2_executor script to /home/unitree/callboy/ros2_ws/install/callboy/lib/callboy
writing list of installed files to '/home/unitree/callboy/ros2_ws/build/callboy/install.log'
