/home/unitree/callboy/ros2_ws/install/callboy/lib/python3.8/site-packages/callboy/supported_commands.py
/home/unitree/callboy/ros2_ws/install/callboy/lib/python3.8/site-packages/callboy/command_schema.py
/home/unitree/callboy/ros2_ws/install/callboy/lib/python3.8/site-packages/callboy/sdk2_executor.py
/home/unitree/callboy/ros2_ws/install/callboy/lib/python3.8/site-packages/callboy/__init__.py
/home/unitree/callboy/ros2_ws/install/callboy/lib/python3.8/site-packages/callboy/config.py
/home/unitree/callboy/ros2_ws/install/callboy/lib/python3.8/site-packages/callboy/nodes/udp_audio_topic_publisher.py
/home/unitree/callboy/ros2_ws/install/callboy/lib/python3.8/site-packages/callboy/nodes/riva_asr_node.py
/home/unitree/callboy/ros2_ws/install/callboy/lib/python3.8/site-packages/callboy/nodes/sdk2_executor_node.py
/home/unitree/callboy/ros2_ws/install/callboy/lib/python3.8/site-packages/callboy/nodes/input_text_publisher.py
/home/unitree/callboy/ros2_ws/install/callboy/lib/python3.8/site-packages/callboy/nodes/__init__.py
/home/unitree/callboy/ros2_ws/install/callboy/lib/python3.8/site-packages/callboy/nodes/ollama_planner.py
/home/unitree/callboy/ros2_ws/install/callboy/lib/python3.8/site-packages/callboy/__pycache__/supported_commands.cpython-38.pyc
/home/unitree/callboy/ros2_ws/install/callboy/lib/python3.8/site-packages/callboy/__pycache__/command_schema.cpython-38.pyc
/home/unitree/callboy/ros2_ws/install/callboy/lib/python3.8/site-packages/callboy/__pycache__/sdk2_executor.cpython-38.pyc
/home/unitree/callboy/ros2_ws/install/callboy/lib/python3.8/site-packages/callboy/__pycache__/__init__.cpython-38.pyc
/home/unitree/callboy/ros2_ws/install/callboy/lib/python3.8/site-packages/callboy/__pycache__/config.cpython-38.pyc
/home/unitree/callboy/ros2_ws/install/callboy/lib/python3.8/site-packages/callboy/nodes/__pycache__/udp_audio_topic_publisher.cpython-38.pyc
/home/unitree/callboy/ros2_ws/install/callboy/lib/python3.8/site-packages/callboy/nodes/__pycache__/riva_asr_node.cpython-38.pyc
/home/unitree/callboy/ros2_ws/install/callboy/lib/python3.8/site-packages/callboy/nodes/__pycache__/sdk2_executor_node.cpython-38.pyc
/home/unitree/callboy/ros2_ws/install/callboy/lib/python3.8/site-packages/callboy/nodes/__pycache__/input_text_publisher.cpython-38.pyc
/home/unitree/callboy/ros2_ws/install/callboy/lib/python3.8/site-packages/callboy/nodes/__pycache__/__init__.cpython-38.pyc
/home/unitree/callboy/ros2_ws/install/callboy/lib/python3.8/site-packages/callboy/nodes/__pycache__/ollama_planner.cpython-38.pyc
/home/unitree/callboy/ros2_ws/install/callboy/share/ament_index/resource_index/packages/callboy
/home/unitree/callboy/ros2_ws/install/callboy/share/callboy/package.xml
/home/unitree/callboy/ros2_ws/install/callboy/share/callboy/launch/callboy.launch.py
/home/unitree/callboy/ros2_ws/install/callboy/lib/python3.8/site-packages/callboy-0.0.1-py3.8.egg-info/dependency_links.txt
/home/unitree/callboy/ros2_ws/install/callboy/lib/python3.8/site-packages/callboy-0.0.1-py3.8.egg-info/top_level.txt
/home/unitree/callboy/ros2_ws/install/callboy/lib/python3.8/site-packages/callboy-0.0.1-py3.8.egg-info/requires.txt
/home/unitree/callboy/ros2_ws/install/callboy/lib/python3.8/site-packages/callboy-0.0.1-py3.8.egg-info/entry_points.txt
/home/unitree/callboy/ros2_ws/install/callboy/lib/python3.8/site-packages/callboy-0.0.1-py3.8.egg-info/PKG-INFO
/home/unitree/callboy/ros2_ws/install/callboy/lib/python3.8/site-packages/callboy-0.0.1-py3.8.egg-info/zip-safe
/home/unitree/callboy/ros2_ws/install/callboy/lib/python3.8/site-packages/callboy-0.0.1-py3.8.egg-info/SOURCES.txt
/home/unitree/callboy/ros2_ws/install/callboy/lib/callboy/callboy_input_text
/home/unitree/callboy/ros2_ws/install/callboy/lib/callboy/callboy_ollama_planner
/home/unitree/callboy/ros2_ws/install/callboy/lib/callboy/callboy_riva_asr
/home/unitree/callboy/ros2_ws/install/callboy/lib/callboy/callboy_sdk2_executor
/home/unitree/callboy/ros2_ws/install/callboy/lib/callboy/callboy_udp_audio_topic
/home/unitree/callboy/ros2_ws/install/callboy/lib/callboy/callboy_wav_audio_topic
