running develop
running egg_info
creating callboy.egg-info
writing callboy.egg-info/PKG-INFO
writing dependency_links to callboy.egg-info/dependency_links.txt
writing entry points to callboy.egg-info/entry_points.txt
writing requirements to callboy.egg-info/requires.txt
writing top-level names to callboy.egg-info/top_level.txt
writing manifest file 'callboy.egg-info/SOURCES.txt'
reading manifest file 'callboy.egg-info/SOURCES.txt'
writing manifest file 'callboy.egg-info/SOURCES.txt'
running build_ext
Creating /home/unitree/callboy/ros2_ws/install/callboy/lib/python3.8/site-packages/callboy.egg-link (link to .)
Installing callboy_input_text script to /home/unitree/callboy/ros2_ws/install/callboy/lib/callboy
Installing callboy_ollama_planner script to /home/unitree/callboy/ros2_ws/install/callboy/lib/callboy
Installing callboy_sdk2_executor script to /home/unitree/callboy/ros2_ws/install/callboy/lib/callboy

Installed /home/unitree/callboy/ros2_ws/build/callboy
running symlink_data
creating /home/unitree/callboy/ros2_ws/install/callboy/share
creating /home/unitree/callboy/ros2_ws/install/callboy/share/ament_index
creating /home/unitree/callboy/ros2_ws/install/callboy/share/ament_index/resource_index
creating /home/unitree/callboy/ros2_ws/install/callboy/share/ament_index/resource_index/packages
symbolically linking /home/unitree/callboy/ros2_ws/build/callboy/resource/callboy -> /home/unitree/callboy/ros2_ws/install/callboy/share/ament_index/resource_index/packages
creating /home/unitree/callboy/ros2_ws/install/callboy/share/callboy
symbolically linking /home/unitree/callboy/ros2_ws/build/callboy/package.xml -> /home/unitree/callboy/ros2_ws/install/callboy/share/callboy
