[1.282s] Invoking command in '/home/unitree/callboy/ros2_ws/build/callboy': PYTHONPATH=/home/unitree/callboy/ros2_ws/build/callboy/prefix_override:/usr/lib/python3/dist-packages/colcon_core/task/python/colcon_distutils_commands:/home/unitree/callboy/ros2_ws/install/callboy/lib/python3.8/site-packages:${PYTHONPATH} /usr/bin/python3 -W ignore:setup.py install is deprecated setup.py develop --editable --build-directory /home/unitree/callboy/ros2_ws/build/callboy/build --no-deps symlink_data
[1.728s] running develop
[1.998s] running egg_info
[1.998s] creating callboy.egg-info
[1.998s] writing callboy.egg-info/PKG-INFO
[1.998s] writing dependency_links to callboy.egg-info/dependency_links.txt
[1.999s] writing entry points to callboy.egg-info/entry_points.txt
[1.999s] writing requirements to callboy.egg-info/requires.txt
[1.999s] writing top-level names to callboy.egg-info/top_level.txt
[2.003s] writing manifest file 'callboy.egg-info/SOURCES.txt'
[2.005s] reading manifest file 'callboy.egg-info/SOURCES.txt'
[2.006s] writing manifest file 'callboy.egg-info/SOURCES.txt'
[2.069s] running build_ext
[2.069s] Creating /home/unitree/callboy/ros2_ws/install/callboy/lib/python3.8/site-packages/callboy.egg-link (link to .)
[2.070s] Installing callboy_input_text script to /home/unitree/callboy/ros2_ws/install/callboy/lib/callboy
[2.070s] Installing callboy_ollama_planner script to /home/unitree/callboy/ros2_ws/install/callboy/lib/callboy
[2.071s] Installing callboy_sdk2_executor script to /home/unitree/callboy/ros2_ws/install/callboy/lib/callboy
[2.071s] 
[2.071s] Installed /home/unitree/callboy/ros2_ws/build/callboy
[2.072s] running symlink_data
[2.072s] creating /home/unitree/callboy/ros2_ws/install/callboy/share
[2.072s] creating /home/unitree/callboy/ros2_ws/install/callboy/share/ament_index
[2.072s] creating /home/unitree/callboy/ros2_ws/install/callboy/share/ament_index/resource_index
[2.073s] creating /home/unitree/callboy/ros2_ws/install/callboy/share/ament_index/resource_index/packages
[2.073s] symbolically linking /home/unitree/callboy/ros2_ws/build/callboy/resource/callboy -> /home/unitree/callboy/ros2_ws/install/callboy/share/ament_index/resource_index/packages
[2.073s] creating /home/unitree/callboy/ros2_ws/install/callboy/share/callboy
[2.073s] symbolically linking /home/unitree/callboy/ros2_ws/build/callboy/package.xml -> /home/unitree/callboy/ros2_ws/install/callboy/share/callboy
[2.152s] Invoked command in '/home/unitree/callboy/ros2_ws/build/callboy' returned '0': PYTHONPATH=/home/unitree/callboy/ros2_ws/build/callboy/prefix_override:/usr/lib/python3/dist-packages/colcon_core/task/python/colcon_distutils_commands:/home/unitree/callboy/ros2_ws/install/callboy/lib/python3.8/site-packages:${PYTHONPATH} /usr/bin/python3 -W ignore:setup.py install is deprecated setup.py develop --editable --build-directory /home/unitree/callboy/ros2_ws/build/callboy/build --no-deps symlink_data
