[0.430s] DEBUG:colcon:Command line arguments: ['/usr/bin/colcon', 'build', '--symlink-install']
[0.431s] DEBUG:colcon:Parsed command line arguments: Namespace(allow_overriding=[], ament_cmake_args=None, base_paths=['.'], build_base='build', catkin_cmake_args=None, catkin_skip_building_tests=False, cmake_args=None, cmake_clean_cache=False, cmake_clean_first=False, cmake_force_configure=False, cmake_target=None, cmake_target_skip_unavailable=False, continue_on_error=False, event_handlers=None, executor='parallel', ignore_user_meta=False, install_base='install', log_base=None, log_level=None, main=<bound method BuildVerb.main of <colcon_core.verb.build.BuildVerb object at 0xffff95ee3310>>, merge_install=False, metas=['./colcon.meta'], packages_above=None, packages_above_and_dependencies=None, packages_above_depth=None, packages_end=None, packages_ignore=None, packages_ignore_regex=None, packages_select=None, packages_select_build_failed=False, packages_select_by_dep=None, packages_select_regex=None, packages_select_test_failures=False, packages_skip=None, packages_skip_build_finished=False, packages_skip_by_dep=None, packages_skip_regex=None, packages_skip_test_passed=False, packages_skip_up_to=None, packages_start=None, packages_up_to=None, packages_up_to_regex=None, parallel_workers=8, paths=None, symlink_install=True, test_result_base=None, verb_extension=<colcon_core.verb.build.BuildVerb object at 0xffff95ee3310>, verb_name='build', verb_parser=<colcon_defaults.argument_parser.defaults.DefaultArgumentsDecorator object at 0xffff9532a4c0>)
[0.697s] Level 1:colcon.colcon_core.package_discovery:discover_packages(colcon_meta) check parameters
[0.697s] Level 1:colcon.colcon_core.package_discovery:discover_packages(recursive) check parameters
[0.697s] Level 1:colcon.colcon_core.package_discovery:discover_packages(ignore) check parameters
[0.697s] Level 1:colcon.colcon_core.package_discovery:discover_packages(path) check parameters
[0.697s] Level 1:colcon.colcon_core.package_discovery:discover_packages(colcon_meta) discover
[0.697s] Level 1:colcon.colcon_core.package_discovery:discover_packages(recursive) discover
[0.698s] INFO:colcon.colcon_core.package_discovery:Crawling recursively for packages in '/home/unitree/callboy/ros2_ws'
[0.698s] Level 1:colcon.colcon_core.package_identification:_identify(.) by extensions ['ignore', 'ignore_ament_install']
[0.698s] Level 1:colcon.colcon_core.package_identification:_identify(.) by extension 'ignore'
[0.698s] Level 1:colcon.colcon_core.package_identification:_identify(.) by extension 'ignore_ament_install'
[0.698s] Level 1:colcon.colcon_core.package_identification:_identify(.) by extensions ['colcon_pkg']
[0.698s] Level 1:colcon.colcon_core.package_identification:_identify(.) by extension 'colcon_pkg'
[0.698s] Level 1:colcon.colcon_core.package_identification:_identify(.) by extensions ['colcon_meta']
[0.698s] Level 1:colcon.colcon_core.package_identification:_identify(.) by extension 'colcon_meta'
[0.699s] Level 1:colcon.colcon_core.package_identification:_identify(.) by extensions ['ros']
[0.699s] Level 1:colcon.colcon_core.package_identification:_identify(.) by extension 'ros'
[0.718s] Level 1:colcon.colcon_core.package_identification:_identify(.) by extensions ['cmake', 'python']
[0.718s] Level 1:colcon.colcon_core.package_identification:_identify(.) by extension 'cmake'
[0.718s] Level 1:colcon.colcon_core.package_identification:_identify(.) by extension 'python'
[0.718s] Level 1:colcon.colcon_core.package_identification:_identify(.) by extensions ['python_setup_py']
[0.718s] Level 1:colcon.colcon_core.package_identification:_identify(.) by extension 'python_setup_py'
[0.718s] Level 1:colcon.colcon_core.package_identification:_identify(build) by extensions ['ignore', 'ignore_ament_install']
[0.719s] Level 1:colcon.colcon_core.package_identification:_identify(build) by extension 'ignore'
[0.719s] Level 1:colcon.colcon_core.package_identification:_identify(build) ignored
[0.719s] Level 1:colcon.colcon_core.package_identification:_identify(install) by extensions ['ignore', 'ignore_ament_install']
[0.719s] Level 1:colcon.colcon_core.package_identification:_identify(install) by extension 'ignore'
[0.719s] Level 1:colcon.colcon_core.package_identification:_identify(install) ignored
[0.719s] Level 1:colcon.colcon_core.package_identification:_identify(log) by extensions ['ignore', 'ignore_ament_install']
[0.720s] Level 1:colcon.colcon_core.package_identification:_identify(log) by extension 'ignore'
[0.720s] Level 1:colcon.colcon_core.package_identification:_identify(log) ignored
[0.720s] Level 1:colcon.colcon_core.package_identification:_identify(src) by extensions ['ignore', 'ignore_ament_install']
[0.720s] Level 1:colcon.colcon_core.package_identification:_identify(src) by extension 'ignore'
[0.720s] Level 1:colcon.colcon_core.package_identification:_identify(src) by extension 'ignore_ament_install'
[0.720s] Level 1:colcon.colcon_core.package_identification:_identify(src) by extensions ['colcon_pkg']
[0.720s] Level 1:colcon.colcon_core.package_identification:_identify(src) by extension 'colcon_pkg'
[0.720s] Level 1:colcon.colcon_core.package_identification:_identify(src) by extensions ['colcon_meta']
[0.720s] Level 1:colcon.colcon_core.package_identification:_identify(src) by extension 'colcon_meta'
[0.720s] Level 1:colcon.colcon_core.package_identification:_identify(src) by extensions ['ros']
[0.720s] Level 1:colcon.colcon_core.package_identification:_identify(src) by extension 'ros'
[0.721s] Level 1:colcon.colcon_core.package_identification:_identify(src) by extensions ['cmake', 'python']
[0.721s] Level 1:colcon.colcon_core.package_identification:_identify(src) by extension 'cmake'
[0.721s] Level 1:colcon.colcon_core.package_identification:_identify(src) by extension 'python'
[0.721s] Level 1:colcon.colcon_core.package_identification:_identify(src) by extensions ['python_setup_py']
[0.721s] Level 1:colcon.colcon_core.package_identification:_identify(src) by extension 'python_setup_py'
[0.721s] Level 1:colcon.colcon_core.package_identification:_identify(src/callboy) by extensions ['ignore', 'ignore_ament_install']
[0.721s] Level 1:colcon.colcon_core.package_identification:_identify(src/callboy) by extension 'ignore'
[0.721s] Level 1:colcon.colcon_core.package_identification:_identify(src/callboy) by extension 'ignore_ament_install'
[0.721s] Level 1:colcon.colcon_core.package_identification:_identify(src/callboy) by extensions ['colcon_pkg']
[0.722s] Level 1:colcon.colcon_core.package_identification:_identify(src/callboy) by extension 'colcon_pkg'
[0.722s] Level 1:colcon.colcon_core.package_identification:_identify(src/callboy) by extensions ['colcon_meta']
[0.722s] Level 1:colcon.colcon_core.package_identification:_identify(src/callboy) by extension 'colcon_meta'
[0.722s] Level 1:colcon.colcon_core.package_identification:_identify(src/callboy) by extensions ['ros']
[0.722s] Level 1:colcon.colcon_core.package_identification:_identify(src/callboy) by extension 'ros'
[0.727s] DEBUG:colcon.colcon_core.package_identification:Package 'src/callboy' with type 'ros.ament_python' and name 'callboy'
[0.727s] Level 1:colcon.colcon_core.package_discovery:discover_packages(recursive) using defaults
[0.728s] Level 1:colcon.colcon_core.package_discovery:discover_packages(ignore) discover
[0.728s] Level 1:colcon.colcon_core.package_discovery:discover_packages(ignore) using defaults
[0.728s] Level 1:colcon.colcon_core.package_discovery:discover_packages(path) discover
[0.728s] Level 1:colcon.colcon_core.package_discovery:discover_packages(path) using defaults
[0.765s] Level 1:colcon.colcon_core.package_discovery:discover_packages(prefix_path) check parameters
[0.765s] Level 1:colcon.colcon_core.package_discovery:discover_packages(prefix_path) discover
[0.769s] DEBUG:colcon.colcon_installed_package_information.package_discovery:Found 2 installed packages in /home/unitree/cyclonedds_ws/install
[0.771s] DEBUG:colcon.colcon_installed_package_information.package_discovery:Found 291 installed packages in /opt/ros/foxy
[0.773s] Level 1:colcon.colcon_core.package_discovery:discover_packages(prefix_path) using defaults
[0.906s] Level 5:colcon.colcon_core.verb:set package 'callboy' build argument 'cmake_args' from command line to 'None'
[0.906s] Level 5:colcon.colcon_core.verb:set package 'callboy' build argument 'cmake_target' from command line to 'None'
[0.907s] Level 5:colcon.colcon_core.verb:set package 'callboy' build argument 'cmake_target_skip_unavailable' from command line to 'False'
[0.907s] Level 5:colcon.colcon_core.verb:set package 'callboy' build argument 'cmake_clean_cache' from command line to 'False'
[0.907s] Level 5:colcon.colcon_core.verb:set package 'callboy' build argument 'cmake_clean_first' from command line to 'False'
[0.907s] Level 5:colcon.colcon_core.verb:set package 'callboy' build argument 'cmake_force_configure' from command line to 'False'
[0.907s] Level 5:colcon.colcon_core.verb:set package 'callboy' build argument 'ament_cmake_args' from command line to 'None'
[0.907s] Level 5:colcon.colcon_core.verb:set package 'callboy' build argument 'catkin_cmake_args' from command line to 'None'
[0.907s] Level 5:colcon.colcon_core.verb:set package 'callboy' build argument 'catkin_skip_building_tests' from command line to 'False'
[0.907s] DEBUG:colcon.colcon_core.verb:Building package 'callboy' with the following arguments: {'ament_cmake_args': None, 'build_base': '/home/unitree/callboy/ros2_ws/build/callboy', 'catkin_cmake_args': None, 'catkin_skip_building_tests': False, 'cmake_args': None, 'cmake_clean_cache': False, 'cmake_clean_first': False, 'cmake_force_configure': False, 'cmake_target': None, 'cmake_target_skip_unavailable': False, 'install_base': '/home/unitree/callboy/ros2_ws/install/callboy', 'merge_install': False, 'path': '/home/unitree/callboy/ros2_ws/src/callboy', 'symlink_install': True, 'test_result_base': None}
[0.907s] INFO:colcon.colcon_core.executor:Executing jobs using 'parallel' executor
[0.909s] DEBUG:colcon.colcon_parallel_executor.executor.parallel:run_until_complete
[0.910s] INFO:colcon.colcon_ros.task.ament_python.build:Building ROS package in '/home/unitree/callboy/ros2_ws/src/callboy' with build type 'ament_python'
[0.910s] Level 1:colcon.colcon_core.shell:create_environment_hook('callboy', 'ament_prefix_path')
[0.915s] INFO:colcon.colcon_core.plugin_system:Skipping extension 'colcon_core.shell.bat': Not used on non-Windows systems
[0.916s] INFO:colcon.colcon_core.shell:Creating environment hook '/home/unitree/callboy/ros2_ws/install/callboy/share/callboy/hook/ament_prefix_path.ps1'
[0.917s] INFO:colcon.colcon_core.shell:Creating environment descriptor '/home/unitree/callboy/ros2_ws/install/callboy/share/callboy/hook/ament_prefix_path.dsv'
[0.918s] INFO:colcon.colcon_core.shell:Creating environment hook '/home/unitree/callboy/ros2_ws/install/callboy/share/callboy/hook/ament_prefix_path.sh'
[0.919s] INFO:colcon.colcon_core.shell:Skip shell extension 'powershell' for command environment: Not usable outside of PowerShell
[0.920s] DEBUG:colcon.colcon_core.shell:Skip shell extension 'dsv' for command environment
[1.362s] INFO:colcon.colcon_core.task.python.build:Building Python package in '/home/unitree/callboy/ros2_ws/src/callboy'
[1.363s] INFO:colcon.colcon_core.shell:Skip shell extension 'powershell' for command environment: Not usable outside of PowerShell
[1.364s] DEBUG:colcon.colcon_core.shell:Skip shell extension 'dsv' for command environment
[2.153s] DEBUG:colcon.colcon_core.event_handler.log_command:Invoking command in '/home/unitree/callboy/ros2_ws/build/callboy': PYTHONPATH=/home/unitree/callboy/ros2_ws/build/callboy/prefix_override:/usr/lib/python3/dist-packages/colcon_core/task/python/colcon_distutils_commands:/home/unitree/callboy/ros2_ws/install/callboy/lib/python3.8/site-packages:${PYTHONPATH} /usr/bin/python3 -W ignore:setup.py install is deprecated setup.py develop --editable --build-directory /home/unitree/callboy/ros2_ws/build/callboy/build --no-deps symlink_data
[3.024s] Level 1:colcon.colcon_core.shell:create_environment_hook('callboy', 'pythonpath_develop')
[3.025s] INFO:colcon.colcon_core.shell:Creating environment hook '/home/unitree/callboy/ros2_ws/build/callboy/share/callboy/hook/pythonpath_develop.ps1'
[3.026s] DEBUG:colcon.colcon_core.event_handler.log_command:Invoked command in '/home/unitree/callboy/ros2_ws/build/callboy' returned '0': PYTHONPATH=/home/unitree/callboy/ros2_ws/build/callboy/prefix_override:/usr/lib/python3/dist-packages/colcon_core/task/python/colcon_distutils_commands:/home/unitree/callboy/ros2_ws/install/callboy/lib/python3.8/site-packages:${PYTHONPATH} /usr/bin/python3 -W ignore:setup.py install is deprecated setup.py develop --editable --build-directory /home/unitree/callboy/ros2_ws/build/callboy/build --no-deps symlink_data
[3.028s] INFO:colcon.colcon_core.shell:Creating environment descriptor '/home/unitree/callboy/ros2_ws/build/callboy/share/callboy/hook/pythonpath_develop.dsv'
[3.029s] INFO:colcon.colcon_core.shell:Creating environment hook '/home/unitree/callboy/ros2_ws/build/callboy/share/callboy/hook/pythonpath_develop.sh'
[3.039s] Level 1:colcon.colcon_core.environment:checking '/home/unitree/callboy/ros2_ws/install/callboy' for CMake module files
[3.040s] Level 1:colcon.colcon_core.environment:checking '/home/unitree/callboy/ros2_ws/install/callboy' for CMake config files
[3.041s] Level 1:colcon.colcon_core.environment:checking '/home/unitree/callboy/ros2_ws/install/callboy/lib'
[3.042s] Level 1:colcon.colcon_core.environment:checking '/home/unitree/callboy/ros2_ws/install/callboy/bin'
[3.042s] Level 1:colcon.colcon_core.environment:checking '/home/unitree/callboy/ros2_ws/install/callboy/lib/pkgconfig/callboy.pc'
[3.043s] Level 1:colcon.colcon_core.environment:checking '/home/unitree/callboy/ros2_ws/install/callboy/lib/python3.8/site-packages'
[3.043s] Level 1:colcon.colcon_core.shell:create_environment_hook('callboy', 'pythonpath')
[3.044s] INFO:colcon.colcon_core.shell:Creating environment hook '/home/unitree/callboy/ros2_ws/install/callboy/share/callboy/hook/pythonpath.ps1'
[3.046s] INFO:colcon.colcon_core.shell:Creating environment descriptor '/home/unitree/callboy/ros2_ws/install/callboy/share/callboy/hook/pythonpath.dsv'
[3.047s] INFO:colcon.colcon_core.shell:Creating environment hook '/home/unitree/callboy/ros2_ws/install/callboy/share/callboy/hook/pythonpath.sh'
[3.048s] Level 1:colcon.colcon_core.environment:checking '/home/unitree/callboy/ros2_ws/install/callboy/bin'
[3.049s] Level 1:colcon.colcon_core.environment:create_environment_scripts_only(callboy)
[3.050s] INFO:colcon.colcon_core.shell:Creating package script '/home/unitree/callboy/ros2_ws/install/callboy/share/callboy/package.ps1'
[3.053s] INFO:colcon.colcon_core.shell:Creating package descriptor '/home/unitree/callboy/ros2_ws/install/callboy/share/callboy/package.dsv'
[3.055s] INFO:colcon.colcon_core.shell:Creating package script '/home/unitree/callboy/ros2_ws/install/callboy/share/callboy/package.sh'
[3.057s] INFO:colcon.colcon_core.shell:Creating package script '/home/unitree/callboy/ros2_ws/install/callboy/share/callboy/package.bash'
[3.059s] INFO:colcon.colcon_core.shell:Creating package script '/home/unitree/callboy/ros2_ws/install/callboy/share/callboy/package.zsh'
[3.061s] Level 1:colcon.colcon_core.environment:create_file_with_runtime_dependencies(/home/unitree/callboy/ros2_ws/install/callboy/share/colcon-core/packages/callboy)
[3.062s] DEBUG:colcon.colcon_parallel_executor.executor.parallel:closing loop
[3.062s] DEBUG:colcon.colcon_parallel_executor.executor.parallel:loop closed
[3.063s] DEBUG:colcon.colcon_parallel_executor.executor.parallel:run_until_complete finished with '0'
[3.063s] DEBUG:colcon.colcon_core.event_reactor:joining thread
[3.078s] INFO:colcon.colcon_core.plugin_system:Skipping extension 'colcon_notification.desktop_notification.terminal_notifier': Not used on non-Darwin systems
[3.078s] INFO:colcon.colcon_core.plugin_system:Skipping extension 'colcon_notification.desktop_notification.win32': Not used on non-Windows systems
[3.079s] INFO:colcon.colcon_notification.desktop_notification:Sending desktop notification using 'notify2'
[3.104s] DEBUG:colcon.colcon_notification.desktop_notification.notify2:Failed to initialize notify2: org.freedesktop.DBus.Error.Spawn.ChildExited: Process org.freedesktop.Notifications exited with status 1
[3.104s] DEBUG:colcon.colcon_core.event_reactor:joined thread
[3.105s] INFO:colcon.colcon_core.shell:Creating prefix script '/home/unitree/callboy/ros2_ws/install/local_setup.ps1'
[3.108s] INFO:colcon.colcon_core.shell:Creating prefix util module '/home/unitree/callboy/ros2_ws/install/_local_setup_util_ps1.py'
[3.112s] INFO:colcon.colcon_core.shell:Creating prefix chain script '/home/unitree/callboy/ros2_ws/install/setup.ps1'
[3.115s] INFO:colcon.colcon_core.shell:Creating prefix script '/home/unitree/callboy/ros2_ws/install/local_setup.sh'
[3.118s] INFO:colcon.colcon_core.shell:Creating prefix util module '/home/unitree/callboy/ros2_ws/install/_local_setup_util_sh.py'
[3.119s] INFO:colcon.colcon_core.shell:Creating prefix chain script '/home/unitree/callboy/ros2_ws/install/setup.sh'
[3.122s] INFO:colcon.colcon_core.shell:Creating prefix script '/home/unitree/callboy/ros2_ws/install/local_setup.bash'
[3.124s] INFO:colcon.colcon_core.shell:Creating prefix chain script '/home/unitree/callboy/ros2_ws/install/setup.bash'
[3.126s] INFO:colcon.colcon_core.shell:Creating prefix script '/home/unitree/callboy/ros2_ws/install/local_setup.zsh'
[3.128s] INFO:colcon.colcon_core.shell:Creating prefix chain script '/home/unitree/callboy/ros2_ws/install/setup.zsh'
